[TRAIN] ep=200 eps=0.399 return=-40.000 foul=True buf=1000
[TRAIN] ep=400 eps=0.397 return=-40.000 foul=True buf=2000
[TRAIN] ep=600 eps=0.396 return=6.000 foul=False buf=3000
[TRAIN] ep=800 eps=0.394 return=-40.000 foul=True buf=4000
[TRAIN] ep=1000 eps=0.393 return=-40.000 foul=True buf=5000
[TRAIN] ep=1200 eps=0.392 return=-40.000 foul=True buf=6000
[TRAIN] ep=1400 eps=0.390 return=6.500 foul=False buf=7000
[TRAIN] ep=1600 eps=0.389 return=5.500 foul=False buf=8000
[TRAIN] ep=1800 eps=0.387 return=-40.000 foul=True buf=9000
[TRAIN] ep=2000 eps=0.386 return=6.000 foul=False buf=10000
[TRAIN] ep=2200 eps=0.385 return=4.000 foul=False buf=11000
[TRAIN] ep=2400 eps=0.383 return=-40.000 foul=True buf=12000
[TRAIN] ep=2600 eps=0.382 return=13.000 foul=False buf=13000
[TRAIN] ep=2800 eps=0.380 return=-40.000 foul=True buf=14000
[TRAIN] ep=3000 eps=0.379 return=13.000 foul=False buf=15000
[TRAIN] ep=3200 eps=0.378 return=-40.000 foul=True buf=16000
[TRAIN] ep=3400 eps=0.376 return=-40.000 foul=True buf=17000
[TRAIN] ep=3600 eps=0.375 return=-40.000 foul=True buf=18000
[TRAIN] ep=3800 eps=0.373 return=5.000 foul=False buf=19000
[TRAIN] ep=4000 eps=0.372 return=9.000 foul=False buf=20000
[TRAIN] ep=4200 eps=0.371 return=16.000 foul=False buf=21000
[TRAIN] ep=4400 eps=0.369 return=-40.000 foul=True buf=22000
[TRAIN] ep=4600 eps=0.368 return=-40.000 foul=True buf=23000
[TRAIN] ep=4800 eps=0.366 return=9.000 foul=False buf=24000
[TRAIN] ep=5000 eps=0.365 return=13.000 foul=False buf=25000
[SAVE] ./ckpt/ult_3p_s11_j1_v1.pt
[TRAIN] ep=5200 eps=0.364 return=11.000 foul=False buf=26000
[TRAIN] ep=5400 eps=0.362 return=-40.000 foul=True buf=27000
[TRAIN] ep=5600 eps=0.361 return=16.000 foul=False buf=28000
[TRAIN] ep=5800 eps=0.359 return=-2.500 foul=False buf=29000
[TRAIN] ep=6000 eps=0.358 return=16.000 foul=False buf=30000
[TRAIN] ep=6200 eps=0.357 return=8.000 foul=False buf=31000
[TRAIN] ep=6400 eps=0.355 return=-40.000 foul=True buf=32000
[TRAIN] ep=6600 eps=0.354 return=-40.000 foul=True buf=33000
[TRAIN] ep=6800 eps=0.352 return=11.000 foul=False buf=34000
[TRAIN] ep=7000 eps=0.351 return=13.000 foul=False buf=35000
[TRAIN] ep=7200 eps=0.350 return=-40.000 foul=True buf=36000
[TRAIN] ep=7400 eps=0.348 return=-40.000 foul=True buf=37000
[TRAIN] ep=7600 eps=0.347 return=-40.000 foul=True buf=38000
[TRAIN] ep=7800 eps=0.345 return=-40.000 foul=True buf=39000
[TRAIN] ep=8000 eps=0.344 return=9.000 foul=False buf=40000
[TRAIN] ep=8200 eps=0.343 return=-40.000 foul=True buf=41000
[TRAIN] ep=8400 eps=0.341 return=-40.000 foul=True buf=42000
[TRAIN] ep=8600 eps=0.340 return=-40.000 foul=True buf=43000
[TRAIN] ep=8800 eps=0.338 return=-40.000 foul=True buf=44000
[TRAIN] ep=9000 eps=0.337 return=13.000 foul=False buf=45000
[TRAIN] ep=9200 eps=0.336 return=11.000 foul=False buf=46000
[TRAIN] ep=9400 eps=0.334 return=0.000 foul=False buf=47000
[TRAIN] ep=9600 eps=0.333 return=13.000 foul=False buf=48000
[TRAIN] ep=9800 eps=0.331 return=-40.000 foul=True buf=49000
[TRAIN] ep=10000 eps=0.330 return=11.000 foul=False buf=50000
[SAVE] ./ckpt/ult_3p_s11_j1_v1.pt
[TRAIN] ep=10200 eps=0.329 return=13.500 foul=False buf=51000
[TRAIN] ep=10400 eps=0.327 return=11.000 foul=False buf=52000
[TRAIN] ep=10600 eps=0.326 return=9.000 foul=False buf=53000
[TRAIN] ep=10800 eps=0.324 return=13.000 foul=False buf=54000
[TRAIN] ep=11000 eps=0.323 return=10.500 foul=False buf=55000
[TRAIN] ep=11200 eps=0.322 return=16.000 foul=False buf=56000
[TRAIN] ep=11400 eps=0.320 return=7.000 foul=False buf=57000
[TRAIN] ep=11600 eps=0.319 return=16.000 foul=False buf=58000
[TRAIN] ep=11800 eps=0.317 return=-40.000 foul=True buf=59000
[TRAIN] ep=12000 eps=0.316 return=16.000 foul=False buf=60000
[TRAIN] ep=12200 eps=0.315 return=11.000 foul=False buf=61000
[TRAIN] ep=12400 eps=0.313 return=16.000 foul=False buf=62000
[TRAIN] ep=12600 eps=0.312 return=9.000 foul=False buf=63000
[TRAIN] ep=12800 eps=0.310 return=-40.000 foul=True buf=64000
[TRAIN] ep=13000 eps=0.309 return=-40.000 foul=True buf=65000
[TRAIN] ep=13200 eps=0.308 return=-40.000 foul=True buf=66000
[TRAIN] ep=13400 eps=0.306 return=-40.000 foul=True buf=67000
[TRAIN] ep=13600 eps=0.305 return=-40.000 foul=True buf=68000
[TRAIN] ep=13800 eps=0.303 return=8.500 foul=False buf=69000
[TRAIN] ep=14000 eps=0.302 return=4.000 foul=False buf=70000
[TRAIN] ep=14200 eps=0.301 return=-40.000 foul=True buf=71000
[TRAIN] ep=14400 eps=0.299 return=16.000 foul=False buf=72000
[TRAIN] ep=14600 eps=0.298 return=10.000 foul=False buf=73000
[TRAIN] ep=14800 eps=0.296 return=-40.000 foul=True buf=74000
[TRAIN] ep=15000 eps=0.295 return=11.000 foul=False buf=75000
[SAVE] ./ckpt/ult_3p_s11_j1_v1.pt
[TRAIN] ep=15200 eps=0.294 return=7.000 foul=False buf=76000
[TRAIN] ep=15400 eps=0.292 return=11.000 foul=False buf=77000
[TRAIN] ep=15600 eps=0.291 return=11.000 foul=False buf=78000
[TRAIN] ep=15800 eps=0.289 return=11.000 foul=False buf=79000
[TRAIN] ep=16000 eps=0.288 return=-40.000 foul=True buf=80000
[TRAIN] ep=16200 eps=0.287 return=13.500 foul=False buf=81000
[TRAIN] ep=16400 eps=0.285 return=8.000 foul=False buf=82000
[TRAIN] ep=16600 eps=0.284 return=-40.000 foul=True buf=83000
[TRAIN] ep=16800 eps=0.282 return=11.000 foul=False buf=84000
[TRAIN] ep=17000 eps=0.281 return=-40.000 foul=True buf=85000
[TRAIN] ep=17200 eps=0.280 return=12.500 foul=False buf=86000
[TRAIN] ep=17400 eps=0.278 return=2.000 foul=False buf=87000
[TRAIN] ep=17600 eps=0.277 return=-40.000 foul=True buf=88000
[TRAIN] ep=17800 eps=0.275 return=-40.000 foul=True buf=89000
[TRAIN] ep=18000 eps=0.274 return=16.000 foul=False buf=90000
[TRAIN] ep=18200 eps=0.273 return=8.000 foul=False buf=91000
[TRAIN] ep=18400 eps=0.271 return=-40.000 foul=True buf=92000
[TRAIN] ep=18600 eps=0.270 return=-40.000 foul=True buf=93000
[TRAIN] ep=18800 eps=0.268 return=-40.000 foul=True buf=94000
[TRAIN] ep=19000 eps=0.267 return=11.000 foul=False buf=95000
[TRAIN] ep=19200 eps=0.266 return=-40.000 foul=True buf=96000
[TRAIN] ep=19400 eps=0.264 return=11.000 foul=False buf=97000
[TRAIN] ep=19600 eps=0.263 return=-40.000 foul=True buf=98000
[TRAIN] ep=19800 eps=0.261 return=16.000 foul=False buf=99000
[TRAIN] ep=20000 eps=0.260 return=-40.000 foul=True buf=100000
[SAVE] ./ckpt/ult_3p_s11_j1_v1.pt
[TRAIN] ep=20200 eps=0.259 return=7.000 foul=False buf=101000
[TRAIN] ep=20400 eps=0.257 return=-40.000 foul=True buf=102000
[TRAIN] ep=20600 eps=0.256 return=-40.000 foul=True buf=103000
[TRAIN] ep=20800 eps=0.254 return=-40.000 foul=True buf=104000
[TRAIN] ep=21000 eps=0.253 return=16.000 foul=False buf=105000
[TRAIN] ep=21200 eps=0.252 return=9.000 foul=False buf=106000
[TRAIN] ep=21400 eps=0.250 return=9.000 foul=False buf=107000
[TRAIN] ep=21600 eps=0.249 return=6.500 foul=False buf=108000
[TRAIN] ep=21800 eps=0.247 return=9.000 foul=False buf=109000
[TRAIN] ep=22000 eps=0.246 return=5.500 foul=False buf=110000
[TRAIN] ep=22200 eps=0.245 return=11.000 foul=False buf=111000
[TRAIN] ep=22400 eps=0.243 return=6.000 foul=False buf=112000
[TRAIN] ep=22600 eps=0.242 return=3.000 foul=False buf=113000
[TRAIN] ep=22800 eps=0.240 return=0.000 foul=False buf=114000
[TRAIN] ep=23000 eps=0.239 return=16.000 foul=False buf=115000
[TRAIN] ep=23200 eps=0.238 return=-40.000 foul=True buf=116000
[TRAIN] ep=23400 eps=0.236 return=-40.000 foul=True buf=117000
[TRAIN] ep=23600 eps=0.235 return=-40.000 foul=True buf=118000
[TRAIN] ep=23800 eps=0.233 return=11.000 foul=False buf=119000
[TRAIN] ep=24000 eps=0.232 return=-40.000 foul=True buf=120000
[TRAIN] ep=24200 eps=0.231 return=14.000 foul=False buf=121000
[TRAIN] ep=24400 eps=0.229 return=-40.000 foul=True buf=122000
[TRAIN] ep=24600 eps=0.228 return=9.000 foul=False buf=123000
[TRAIN] ep=24800 eps=0.226 return=7.000 foul=False buf=124000
[TRAIN] ep=25000 eps=0.225 return=2.000 foul=False buf=125000
[SAVE] ./ckpt/ult_3p_s11_j1_v1.pt
[TRAIN] ep=25200 eps=0.224 return=5.500 foul=False buf=126000
[TRAIN] ep=25400 eps=0.222 return=-40.000 foul=True buf=127000
[TRAIN] ep=25600 eps=0.221 return=-40.000 foul=True buf=128000
[TRAIN] ep=25800 eps=0.219 return=7.000 foul=False buf=129000
[TRAIN] ep=26000 eps=0.218 return=-40.000 foul=True buf=130000
[TRAIN] ep=26200 eps=0.217 return=16.000 foul=False buf=131000
[TRAIN] ep=26400 eps=0.215 return=16.000 foul=False buf=132000
[TRAIN] ep=26600 eps=0.214 return=16.000 foul=False buf=133000
[TRAIN] ep=26800 eps=0.212 return=-40.000 foul=True buf=134000
[TRAIN] ep=27000 eps=0.211 return=-40.000 foul=True buf=135000
[TRAIN] ep=27200 eps=0.210 return=16.000 foul=False buf=136000
[TRAIN] ep=27400 eps=0.208 return=-40.000 foul=True buf=137000
[TRAIN] ep=27600 eps=0.207 return=16.000 foul=False buf=138000
[TRAIN] ep=27800 eps=0.205 return=7.000 foul=False buf=139000
[TRAIN] ep=28000 eps=0.204 return=9.000 foul=False buf=140000
[TRAIN] ep=28200 eps=0.203 return=-40.000 foul=True buf=141000
[TRAIN] ep=28400 eps=0.201 return=-40.000 foul=True buf=142000
[TRAIN] ep=28600 eps=0.200 return=2.000 foul=False buf=143000
[TRAIN] ep=28800 eps=0.198 return=-40.000 foul=True buf=144000
[TRAIN] ep=29000 eps=0.197 return=9.000 foul=False buf=145000
[TRAIN] ep=29200 eps=0.196 return=3.000 foul=False buf=146000
[TRAIN] ep=29400 eps=0.194 return=-5.000 foul=False buf=147000
[TRAIN] ep=29600 eps=0.193 return=-40.000 foul=True buf=148000
[TRAIN] ep=29800 eps=0.191 return=-1.000 foul=False buf=149000
[TRAIN] ep=30000 eps=0.190 return=-40.000 foul=True buf=150000
[SAVE] ./ckpt/ult_3p_s11_j1_v1.pt
[TRAIN] ep=30200 eps=0.189 return=11.000 foul=False buf=151000
[TRAIN] ep=30400 eps=0.187 return=9.000 foul=False buf=152000
[TRAIN] ep=30600 eps=0.186 return=16.000 foul=False buf=153000
[TRAIN] ep=30800 eps=0.184 return=15.000 foul=False buf=154000
[TRAIN] ep=31000 eps=0.183 return=11.000 foul=False buf=155000
[TRAIN] ep=31200 eps=0.182 return=16.000 foul=False buf=156000
[TRAIN] ep=31400 eps=0.180 return=8.000 foul=False buf=157000
[TRAIN] ep=31600 eps=0.179 return=-40.000 foul=True buf=158000
[TRAIN] ep=31800 eps=0.177 return=13.000 foul=False buf=159000
[TRAIN] ep=32000 eps=0.176 return=11.000 foul=False buf=160000
[TRAIN] ep=32200 eps=0.175 return=-40.000 foul=True buf=161000
[TRAIN] ep=32400 eps=0.173 return=2.000 foul=False buf=162000
[TRAIN] ep=32600 eps=0.172 return=11.000 foul=False buf=163000
[TRAIN] ep=32800 eps=0.170 return=13.000 foul=False buf=164000
[TRAIN] ep=33000 eps=0.169 return=-40.000 foul=True buf=165000
[TRAIN] ep=33200 eps=0.168 return=16.000 foul=False buf=166000
[TRAIN] ep=33400 eps=0.166 return=16.000 foul=False buf=167000
[TRAIN] ep=33600 eps=0.165 return=7.000 foul=False buf=168000
[TRAIN] ep=33800 eps=0.163 return=6.500 foul=False buf=169000
[TRAIN] ep=34000 eps=0.162 return=-40.000 foul=True buf=170000
[TRAIN] ep=34200 eps=0.161 return=2.000 foul=False buf=171000
[TRAIN] ep=34400 eps=0.159 return=9.000 foul=False buf=172000
[TRAIN] ep=34600 eps=0.158 return=-40.000 foul=True buf=173000
[TRAIN] ep=34800 eps=0.156 return=13.500 foul=False buf=174000
[TRAIN] ep=35000 eps=0.155 return=11.000 foul=False buf=175000
[SAVE] ./ckpt/ult_3p_s11_j1_v1.pt
[TRAIN] ep=35200 eps=0.154 return=8.500 foul=False buf=176000
[TRAIN] ep=35400 eps=0.152 return=16.000 foul=False buf=177000
[TRAIN] ep=35600 eps=0.151 return=16.000 foul=False buf=178000
[TRAIN] ep=35800 eps=0.149 return=11.000 foul=False buf=179000
[TRAIN] ep=36000 eps=0.148 return=6.000 foul=False buf=180000
[TRAIN] ep=36200 eps=0.147 return=16.000 foul=False buf=181000
[TRAIN] ep=36400 eps=0.145 return=4.000 foul=False buf=182000
[TRAIN] ep=36600 eps=0.144 return=4.000 foul=False buf=183000
[TRAIN] ep=36800 eps=0.142 return=-40.000 foul=True buf=184000
[TRAIN] ep=37000 eps=0.141 return=-40.000 foul=True buf=185000
[TRAIN] ep=37200 eps=0.140 return=-40.000 foul=True buf=186000
[TRAIN] ep=37400 eps=0.138 return=-40.000 foul=True buf=187000
[TRAIN] ep=37600 eps=0.137 return=-40.000 foul=True buf=188000
[TRAIN] ep=37800 eps=0.135 return=-40.000 foul=True buf=189000
[TRAIN] ep=38000 eps=0.134 return=7.000 foul=False buf=190000
[TRAIN] ep=38200 eps=0.133 return=16.000 foul=False buf=191000
[TRAIN] ep=38400 eps=0.131 return=-40.000 foul=True buf=192000
[TRAIN] ep=38600 eps=0.130 return=-40.000 foul=True buf=193000
[TRAIN] ep=38800 eps=0.128 return=9.000 foul=False buf=194000
[TRAIN] ep=39000 eps=0.127 return=-40.000 foul=True buf=195000
[TRAIN] ep=39200 eps=0.126 return=-40.000 foul=True buf=196000
[TRAIN] ep=39400 eps=0.124 return=-40.000 foul=True buf=197000
[TRAIN] ep=39600 eps=0.123 return=-40.000 foul=True buf=198000
[TRAIN] ep=39800 eps=0.121 return=-40.000 foul=True buf=199000
[TRAIN] ep=40000 eps=0.120 return=16.000 foul=False buf=200000
[SAVE] ./ckpt/ult_3p_s11_j1_v1.pt
[TRAIN] ep=40200 eps=0.119 return=16.000 foul=False buf=200000
[TRAIN] ep=40400 eps=0.117 return=-40.000 foul=True buf=200000
[TRAIN] ep=40600 eps=0.116 return=7.000 foul=False buf=200000
[TRAIN] ep=40800 eps=0.114 return=4.000 foul=False buf=200000
[TRAIN] ep=41000 eps=0.113 return=11.000 foul=False buf=200000
[TRAIN] ep=41200 eps=0.112 return=9.000 foul=False buf=200000
[TRAIN] ep=41400 eps=0.110 return=-40.000 foul=True buf=200000
[TRAIN] ep=41600 eps=0.109 return=-40.000 foul=True buf=200000
[TRAIN] ep=41800 eps=0.107 return=2.000 foul=False buf=200000
[TRAIN] ep=42000 eps=0.106 return=11.000 foul=False buf=200000
[TRAIN] ep=42200 eps=0.105 return=8.000 foul=False buf=200000
[TRAIN] ep=42400 eps=0.103 return=16.000 foul=False buf=200000
[TRAIN] ep=42600 eps=0.102 return=4.500 foul=False buf=200000
[TRAIN] ep=42800 eps=0.100 return=9.000 foul=False buf=200000
[TRAIN] ep=43000 eps=0.099 return=10.000 foul=False buf=200000
[TRAIN] ep=43200 eps=0.098 return=6.000 foul=False buf=200000
[TRAIN] ep=43400 eps=0.096 return=-40.000 foul=True buf=200000
[TRAIN] ep=43600 eps=0.095 return=11.000 foul=False buf=200000
[TRAIN] ep=43800 eps=0.093 return=16.500 foul=False buf=200000
[TRAIN] ep=44000 eps=0.092 return=-40.000 foul=True buf=200000
[TRAIN] ep=44200 eps=0.091 return=16.000 foul=False buf=200000
[TRAIN] ep=44400 eps=0.089 return=-40.000 foul=True buf=200000
[TRAIN] ep=44600 eps=0.088 return=-40.000 foul=True buf=200000
[TRAIN] ep=44800 eps=0.086 return=11.000 foul=False buf=200000
[TRAIN] ep=45000 eps=0.085 return=13.000 foul=False buf=200000
[SAVE] ./ckpt/ult_3p_s11_j1_v1.pt
[TRAIN] ep=45200 eps=0.084 return=-40.000 foul=True buf=200000
[TRAIN] ep=45400 eps=0.082 return=-40.000 foul=True buf=200000
[TRAIN] ep=45600 eps=0.081 return=8.500 foul=False buf=200000
[TRAIN] ep=45800 eps=0.079 return=12.000 foul=False buf=200000
[TRAIN] ep=46000 eps=0.078 return=-0.500 foul=False buf=200000
[TRAIN] ep=46200 eps=0.077 return=9.000 foul=False buf=200000
[TRAIN] ep=46400 eps=0.075 return=10.000 foul=False buf=200000
[TRAIN] ep=46600 eps=0.074 return=2.000 foul=False buf=200000
[TRAIN] ep=46800 eps=0.072 return=16.000 foul=False buf=200000
[TRAIN] ep=47000 eps=0.071 return=6.000 foul=False buf=200000
[TRAIN] ep=47200 eps=0.070 return=-40.000 foul=True buf=200000
[TRAIN] ep=47400 eps=0.068 return=-40.000 foul=True buf=200000
[TRAIN] ep=47600 eps=0.067 return=-40.000 foul=True buf=200000
[TRAIN] ep=47800 eps=0.065 return=11.000 foul=False buf=200000
[TRAIN] ep=48000 eps=0.064 return=11.000 foul=False buf=200000
[TRAIN] ep=48200 eps=0.063 return=5.500 foul=False buf=200000
[TRAIN] ep=48400 eps=0.061 return=0.000 foul=False buf=200000
[TRAIN] ep=48600 eps=0.060 return=-40.000 foul=True buf=200000
[TRAIN] ep=48800 eps=0.058 return=4.000 foul=False buf=200000
[TRAIN] ep=49000 eps=0.057 return=11.000 foul=False buf=200000
[TRAIN] ep=49200 eps=0.056 return=-40.000 foul=True buf=200000
[TRAIN] ep=49400 eps=0.054 return=-40.000 foul=True buf=200000
[TRAIN] ep=49600 eps=0.053 return=3.000 foul=False buf=200000
[TRAIN] ep=49800 eps=0.051 return=-40.000 foul=True buf=200000
[TRAIN] ep=50000 eps=0.050 return=16.000 foul=False buf=200000
[SAVE] ./ckpt/ult_3p_s11_j1_v1.pt
[TRAIN] ep=50200 eps=0.050 return=2.000 foul=False buf=200000
[TRAIN] ep=50400 eps=0.050 return=11.000 foul=False buf=200000
[TRAIN] ep=50600 eps=0.050 return=-40.000 foul=True buf=200000
[TRAIN] ep=50800 eps=0.050 return=4.000 foul=False buf=200000
[TRAIN] ep=51000 eps=0.050 return=4.000 foul=False buf=200000
[TRAIN] ep=51200 eps=0.050 return=8.000 foul=False buf=200000
[TRAIN] ep=51400 eps=0.050 return=16.000 foul=False buf=200000
[TRAIN] ep=51600 eps=0.050 return=16.000 foul=False buf=200000
[TRAIN] ep=51800 eps=0.050 return=11.000 foul=False buf=200000
[TRAIN] ep=52000 eps=0.050 return=-40.000 foul=True buf=200000
[TRAIN] ep=52200 eps=0.050 return=11.000 foul=False buf=200000
[TRAIN] ep=52400 eps=0.050 return=-40.000 foul=True buf=200000
[TRAIN] ep=52600 eps=0.050 return=-40.000 foul=True buf=200000
[TRAIN] ep=52800 eps=0.050 return=-40.000 foul=True buf=200000
[TRAIN] ep=53000 eps=0.050 return=9.000 foul=False buf=200000
[TRAIN] ep=53200 eps=0.050 return=-3.500 foul=False buf=200000
[TRAIN] ep=53400 eps=0.050 return=16.000 foul=False buf=200000
[TRAIN] ep=53600 eps=0.050 return=-40.000 foul=True buf=200000
[TRAIN] ep=53800 eps=0.050 return=5.000 foul=False buf=200000
[TRAIN] ep=54000 eps=0.050 return=16.000 foul=False buf=200000
[TRAIN] ep=54200 eps=0.050 return=-40.000 foul=True buf=200000
[TRAIN] ep=54400 eps=0.050 return=16.000 foul=False buf=200000
[TRAIN] ep=54600 eps=0.050 return=-40.000 foul=True buf=200000
[TRAIN] ep=54800 eps=0.050 return=16.000 foul=False buf=200000
[TRAIN] ep=55000 eps=0.050 return=9.000 foul=False buf=200000
[SAVE] ./ckpt/ult_3p_s11_j1_v1.pt
[TRAIN] ep=55200 eps=0.050 return=-40.000 foul=True buf=200000
[TRAIN] ep=55400 eps=0.050 return=-40.000 foul=True buf=200000
[TRAIN] ep=55600 eps=0.050 return=16.000 foul=False buf=200000
[TRAIN] ep=55800 eps=0.050 return=11.000 foul=False buf=200000
[TRAIN] ep=56000 eps=0.050 return=-40.000 foul=True buf=200000
[TRAIN] ep=56200 eps=0.050 return=7.000 foul=False buf=200000
[TRAIN] ep=56400 eps=0.050 return=3.500 foul=False buf=200000
[TRAIN] ep=56600 eps=0.050 return=16.000 foul=False buf=200000
[TRAIN] ep=56800 eps=0.050 return=-40.000 foul=True buf=200000
[TRAIN] ep=57000 eps=0.050 return=13.000 foul=False buf=200000
[TRAIN] ep=57200 eps=0.050 return=9.000 foul=False buf=200000
[TRAIN] ep=57400 eps=0.050 return=16.000 foul=False buf=200000
[TRAIN] ep=57600 eps=0.050 return=16.000 foul=False buf=200000
[TRAIN] ep=57800 eps=0.050 return=-40.000 foul=True buf=200000
[TRAIN] ep=58000 eps=0.050 return=11.000 foul=False buf=200000
[TRAIN] ep=58200 eps=0.050 return=-40.000 foul=True buf=200000
[TRAIN] ep=58400 eps=0.050 return=16.000 foul=False buf=200000
[TRAIN] ep=58600 eps=0.050 return=10.000 foul=False buf=200000
[TRAIN] ep=58800 eps=0.050 return=16.000 foul=False buf=200000
[TRAIN] ep=59000 eps=0.050 return=-40.000 foul=True buf=200000
[TRAIN] ep=59200 eps=0.050 return=-40.000 foul=True buf=200000
[TRAIN] ep=59400 eps=0.050 return=-2.500 foul=False buf=200000
[TRAIN] ep=59600 eps=0.050 return=13.000 foul=False buf=200000
[TRAIN] ep=59800 eps=0.050 return=-40.000 foul=True buf=200000
[TRAIN] ep=60000 eps=0.050 return=-40.000 foul=True buf=200000
[SAVE] ./ckpt/ult_3p_s11_j1_v1.pt
[TRAIN] ep=60200 eps=0.050 return=-40.000 foul=True buf=200000
[TRAIN] ep=60400 eps=0.050 return=-40.000 foul=True buf=200000
[TRAIN] ep=60600 eps=0.050 return=11.000 foul=False buf=200000
[TRAIN] ep=60800 eps=0.050 return=-40.000 foul=True buf=200000
[TRAIN] ep=61000 eps=0.050 return=9.000 foul=False buf=200000
[TRAIN] ep=61200 eps=0.050 return=-40.000 foul=True buf=200000
[TRAIN] ep=61400 eps=0.050 return=6.000 foul=False buf=200000
[TRAIN] ep=61600 eps=0.050 return=-40.000 foul=True buf=200000
[TRAIN] ep=61800 eps=0.050 return=-40.000 foul=True buf=200000
[TRAIN] ep=62000 eps=0.050 return=9.000 foul=False buf=200000
[TRAIN] ep=62200 eps=0.050 return=11.000 foul=False buf=200000
[TRAIN] ep=62400 eps=0.050 return=11.000 foul=False buf=200000
[TRAIN] ep=62600 eps=0.050 return=11.000 foul=False buf=200000
[TRAIN] ep=62800 eps=0.050 return=9.000 foul=False buf=200000
[TRAIN] ep=63000 eps=0.050 return=14.000 foul=False buf=200000
[TRAIN] ep=63200 eps=0.050 return=16.000 foul=False buf=200000
[TRAIN] ep=63400 eps=0.050 return=9.000 foul=False buf=200000
[TRAIN] ep=63600 eps=0.050 return=16.000 foul=False buf=200000
[TRAIN] ep=63800 eps=0.050 return=8.500 foul=False buf=200000
[TRAIN] ep=64000 eps=0.050 return=11.500 foul=False buf=200000
[TRAIN] ep=64200 eps=0.050 return=-40.000 foul=True buf=200000
[TRAIN] ep=64400 eps=0.050 return=9.000 foul=False buf=200000
[TRAIN] ep=64600 eps=0.050 return=7.500 foul=False buf=200000
[TRAIN] ep=64800 eps=0.050 return=16.000 foul=False buf=200000
[TRAIN] ep=65000 eps=0.050 return=16.000 foul=False buf=200000
[SAVE] ./ckpt/ult_3p_s11_j1_v1.pt
[TRAIN] ep=65200 eps=0.050 return=5.500 foul=False buf=200000
[TRAIN] ep=65400 eps=0.050 return=16.000 foul=False buf=200000
[TRAIN] ep=65600 eps=0.050 return=11.000 foul=False buf=200000
[TRAIN] ep=65800 eps=0.050 return=13.000 foul=False buf=200000
[TRAIN] ep=66000 eps=0.050 return=11.000 foul=False buf=200000
[TRAIN] ep=66200 eps=0.050 return=2.000 foul=False buf=200000
[TRAIN] ep=66400 eps=0.050 return=8.000 foul=False buf=200000
[TRAIN] ep=66600 eps=0.050 return=10.000 foul=False buf=200000
[TRAIN] ep=66800 eps=0.050 return=-40.000 foul=True buf=200000
[TRAIN] ep=67000 eps=0.050 return=6.500 foul=False buf=200000
[TRAIN] ep=67200 eps=0.050 return=16.000 foul=False buf=200000
[TRAIN] ep=67400 eps=0.050 return=16.000 foul=False buf=200000
[TRAIN] ep=67600 eps=0.050 return=9.000 foul=False buf=200000
[TRAIN] ep=67800 eps=0.050 return=7.000 foul=False buf=200000
[TRAIN] ep=68000 eps=0.050 return=16.000 foul=False buf=200000
[TRAIN] ep=68200 eps=0.050 return=11.000 foul=False buf=200000
[TRAIN] ep=68400 eps=0.050 return=16.500 foul=False buf=200000
[TRAIN] ep=68600 eps=0.050 return=16.000 foul=False buf=200000
[TRAIN] ep=68800 eps=0.050 return=9.000 foul=False buf=200000
[TRAIN] ep=69000 eps=0.050 return=15.500 foul=False buf=200000
[TRAIN] ep=69200 eps=0.050 return=-40.000 foul=True buf=200000
[TRAIN] ep=69400 eps=0.050 return=9.500 foul=False buf=200000
[TRAIN] ep=69600 eps=0.050 return=-40.000 foul=True buf=200000
[TRAIN] ep=69800 eps=0.050 return=-40.000 foul=True buf=200000
[TRAIN] ep=70000 eps=0.050 return=3.500 foul=False buf=200000
[SAVE] ./ckpt/ult_3p_s11_j1_v1.pt
[TRAIN] ep=70200 eps=0.050 return=-40.000 foul=True buf=200000
[TRAIN] ep=70400 eps=0.050 return=13.000 foul=False buf=200000
[TRAIN] ep=70600 eps=0.050 return=-40.000 foul=True buf=200000
[TRAIN] ep=70800 eps=0.050 return=16.000 foul=False buf=200000
[TRAIN] ep=71000 eps=0.050 return=11.000 foul=False buf=200000
[TRAIN] ep=71200 eps=0.050 return=13.000 foul=False buf=200000
[TRAIN] ep=71400 eps=0.050 return=13.000 foul=False buf=200000
[TRAIN] ep=71600 eps=0.050 return=8.500 foul=False buf=200000
[TRAIN] ep=71800 eps=0.050 return=7.000 foul=False buf=200000
[TRAIN] ep=72000 eps=0.050 return=11.000 foul=False buf=200000
[TRAIN] ep=72200 eps=0.050 return=16.000 foul=False buf=200000
[TRAIN] ep=72400 eps=0.050 return=-40.000 foul=True buf=200000
[TRAIN] ep=72600 eps=0.050 return=-40.000 foul=True buf=200000
[TRAIN] ep=72800 eps=0.050 return=9.000 foul=False buf=200000
[TRAIN] ep=73000 eps=0.050 return=8.000 foul=False buf=200000
[TRAIN] ep=73200 eps=0.050 return=2.000 foul=False buf=200000
[TRAIN] ep=73400 eps=0.050 return=8.000 foul=False buf=200000
[TRAIN] ep=73600 eps=0.050 return=-40.000 foul=True buf=200000
[TRAIN] ep=73800 eps=0.050 return=2.000 foul=False buf=200000
[TRAIN] ep=74000 eps=0.050 return=16.000 foul=False buf=200000
[TRAIN] ep=74200 eps=0.050 return=-40.000 foul=True buf=200000
[TRAIN] ep=74400 eps=0.050 return=13.000 foul=False buf=200000
[TRAIN] ep=74600 eps=0.050 return=-40.000 foul=True buf=200000
[TRAIN] ep=74800 eps=0.050 return=8.000 foul=False buf=200000
[TRAIN] ep=75000 eps=0.050 return=-40.000 foul=True buf=200000
[SAVE] ./ckpt/ult_3p_s11_j1_v1.pt
[TRAIN] ep=75200 eps=0.050 return=-40.000 foul=True buf=200000
[TRAIN] ep=75400 eps=0.050 return=-40.000 foul=True buf=200000
[TRAIN] ep=75600 eps=0.050 return=11.000 foul=False buf=200000
[TRAIN] ep=75800 eps=0.050 return=16.000 foul=False buf=200000
[TRAIN] ep=76000 eps=0.050 return=9.000 foul=False buf=200000
[TRAIN] ep=76200 eps=0.050 return=11.000 foul=False buf=200000
[TRAIN] ep=76400 eps=0.050 return=16.000 foul=False buf=200000
[TRAIN] ep=76600 eps=0.050 return=7.000 foul=False buf=200000
[TRAIN] ep=76800 eps=0.050 return=16.000 foul=False buf=200000
[TRAIN] ep=77000 eps=0.050 return=-40.000 foul=True buf=200000
[TRAIN] ep=77200 eps=0.050 return=4.000 foul=False buf=200000
[TRAIN] ep=77400 eps=0.050 return=6.500 foul=False buf=200000
[TRAIN] ep=77600 eps=0.050 return=1.500 foul=False buf=200000
[TRAIN] ep=77800 eps=0.050 return=3.000 foul=False buf=200000
[TRAIN] ep=78000 eps=0.050 return=9.000 foul=False buf=200000
[TRAIN] ep=78200 eps=0.050 return=11.000 foul=False buf=200000
[TRAIN] ep=78400 eps=0.050 return=6.000 foul=False buf=200000
[TRAIN] ep=78600 eps=0.050 return=-40.000 foul=True buf=200000
[TRAIN] ep=78800 eps=0.050 return=9.000 foul=False buf=200000
[TRAIN] ep=79000 eps=0.050 return=11.000 foul=False buf=200000
[TRAIN] ep=79200 eps=0.050 return=4.000 foul=False buf=200000
[TRAIN] ep=79400 eps=0.050 return=-2.000 foul=False buf=200000
[TRAIN] ep=79600 eps=0.050 return=16.000 foul=False buf=200000
[TRAIN] ep=79800 eps=0.050 return=2.500 foul=False buf=200000
[TRAIN] ep=80000 eps=0.050 return=7.000 foul=False buf=200000
[SAVE] ./ckpt/ult_3p_s11_j1_v1.pt
[TRAIN] ep=80200 eps=0.050 return=2.000 foul=False buf=200000
[TRAIN] ep=80400 eps=0.050 return=-40.000 foul=True buf=200000
[TRAIN] ep=80600 eps=0.050 return=-40.000 foul=True buf=200000
[TRAIN] ep=80800 eps=0.050 return=-40.000 foul=True buf=200000
[TRAIN] ep=81000 eps=0.050 return=6.000 foul=False buf=200000
[TRAIN] ep=81200 eps=0.050 return=-40.000 foul=True buf=200000
[TRAIN] ep=81400 eps=0.050 return=-40.000 foul=True buf=200000
[TRAIN] ep=81600 eps=0.050 return=6.500 foul=False buf=200000
[TRAIN] ep=81800 eps=0.050 return=2.000 foul=False buf=200000
[TRAIN] ep=82000 eps=0.050 return=16.000 foul=False buf=200000
[TRAIN] ep=82200 eps=0.050 return=10.000 foul=False buf=200000
[TRAIN] ep=82400 eps=0.050 return=11.500 foul=False buf=200000
[TRAIN] ep=82600 eps=0.050 return=11.500 foul=False buf=200000
[TRAIN] ep=82800 eps=0.050 return=-40.000 foul=True buf=200000
[TRAIN] ep=83000 eps=0.050 return=0.000 foul=False buf=200000
[TRAIN] ep=83200 eps=0.050 return=6.000 foul=False buf=200000
[TRAIN] ep=83400 eps=0.050 return=-40.000 foul=True buf=200000
[TRAIN] ep=83600 eps=0.050 return=16.000 foul=False buf=200000
[TRAIN] ep=83800 eps=0.050 return=6.000 foul=False buf=200000
[TRAIN] ep=84000 eps=0.050 return=-40.000 foul=True buf=200000
[TRAIN] ep=84200 eps=0.050 return=-40.000 foul=True buf=200000
[TRAIN] ep=84400 eps=0.050 return=9.000 foul=False buf=200000
[TRAIN] ep=84600 eps=0.050 return=-40.000 foul=True buf=200000
[TRAIN] ep=84800 eps=0.050 return=2.000 foul=False buf=200000
[TRAIN] ep=85000 eps=0.050 return=11.000 foul=False buf=200000
[SAVE] ./ckpt/ult_3p_s11_j1_v1.pt
[TRAIN] ep=85200 eps=0.050 return=7.000 foul=False buf=200000
[TRAIN] ep=85400 eps=0.050 return=16.000 foul=False buf=200000
[TRAIN] ep=85600 eps=0.050 return=17.500 foul=False buf=200000
[TRAIN] ep=85800 eps=0.050 return=2.000 foul=False buf=200000
[TRAIN] ep=86000 eps=0.050 return=16.000 foul=False buf=200000
[TRAIN] ep=86200 eps=0.050 return=8.000 foul=False buf=200000
[TRAIN] ep=86400 eps=0.050 return=10.000 foul=False buf=200000
[TRAIN] ep=86600 eps=0.050 return=-40.000 foul=True buf=200000
[TRAIN] ep=86800 eps=0.050 return=16.000 foul=False buf=200000
[TRAIN] ep=87000 eps=0.050 return=16.000 foul=False buf=200000
[TRAIN] ep=87200 eps=0.050 return=-0.500 foul=False buf=200000
[TRAIN] ep=87400 eps=0.050 return=-40.000 foul=True buf=200000
[TRAIN] ep=87600 eps=0.050 return=-40.000 foul=True buf=200000
[TRAIN] ep=87800 eps=0.050 return=16.000 foul=False buf=200000
[TRAIN] ep=88000 eps=0.050 return=11.000 foul=False buf=200000
[TRAIN] ep=88200 eps=0.050 return=8.000 foul=False buf=200000
[TRAIN] ep=88400 eps=0.050 return=-40.000 foul=True buf=200000
[TRAIN] ep=88600 eps=0.050 return=-40.000 foul=True buf=200000
[TRAIN] ep=88800 eps=0.050 return=-40.000 foul=True buf=200000
[TRAIN] ep=89000 eps=0.050 return=13.000 foul=False buf=200000
[TRAIN] ep=89200 eps=0.050 return=4.000 foul=False buf=200000
[TRAIN] ep=89400 eps=0.050 return=16.000 foul=False buf=200000
[TRAIN] ep=89600 eps=0.050 return=-40.000 foul=True buf=200000
[TRAIN] ep=89800 eps=0.050 return=-40.000 foul=True buf=200000
[TRAIN] ep=90000 eps=0.050 return=11.500 foul=False buf=200000
[SAVE] ./ckpt/ult_3p_s11_j1_v1.pt
[TRAIN] ep=90200 eps=0.050 return=16.000 foul=False buf=200000
[TRAIN] ep=90400 eps=0.050 return=-40.000 foul=True buf=200000
[TRAIN] ep=90600 eps=0.050 return=6.000 foul=False buf=200000
[TRAIN] ep=90800 eps=0.050 return=13.000 foul=False buf=200000
[TRAIN] ep=91000 eps=0.050 return=7.000 foul=False buf=200000
[TRAIN] ep=91200 eps=0.050 return=11.000 foul=False buf=200000
[TRAIN] ep=91400 eps=0.050 return=-40.000 foul=True buf=200000
[TRAIN] ep=91600 eps=0.050 return=4.000 foul=False buf=200000
[TRAIN] ep=91800 eps=0.050 return=9.000 foul=False buf=200000
[TRAIN] ep=92000 eps=0.050 return=11.000 foul=False buf=200000
[TRAIN] ep=92200 eps=0.050 return=11.000 foul=False buf=200000
[TRAIN] ep=92400 eps=0.050 return=14.500 foul=False buf=200000
[TRAIN] ep=92600 eps=0.050 return=8.000 foul=False buf=200000
[TRAIN] ep=92800 eps=0.050 return=11.500 foul=False buf=200000
[TRAIN] ep=93000 eps=0.050 return=8.000 foul=False buf=200000
[TRAIN] ep=93200 eps=0.050 return=9.000 foul=False buf=200000
[TRAIN] ep=93400 eps=0.050 return=11.000 foul=False buf=200000
[TRAIN] ep=93600 eps=0.050 return=12.000 foul=False buf=200000
[TRAIN] ep=93800 eps=0.050 return=16.000 foul=False buf=200000
[TRAIN] ep=94000 eps=0.050 return=16.000 foul=False buf=200000
[TRAIN] ep=94200 eps=0.050 return=11.000 foul=False buf=200000
[TRAIN] ep=94400 eps=0.050 return=16.000 foul=False buf=200000
[TRAIN] ep=94600 eps=0.050 return=16.000 foul=False buf=200000
[TRAIN] ep=94800 eps=0.050 return=11.000 foul=False buf=200000
[TRAIN] ep=95000 eps=0.050 return=13.000 foul=False buf=200000
[SAVE] ./ckpt/ult_3p_s11_j1_v1.pt
[TRAIN] ep=95200 eps=0.050 return=2.000 foul=False buf=200000
[TRAIN] ep=95400 eps=0.050 return=13.000 foul=False buf=200000
[TRAIN] ep=95600 eps=0.050 return=-0.500 foul=False buf=200000
[TRAIN] ep=95800 eps=0.050 return=-40.000 foul=True buf=200000
[TRAIN] ep=96000 eps=0.050 return=3.000 foul=False buf=200000
[TRAIN] ep=96200 eps=0.050 return=7.000 foul=False buf=200000
[TRAIN] ep=96400 eps=0.050 return=7.000 foul=False buf=200000
[TRAIN] ep=96600 eps=0.050 return=14.000 foul=False buf=200000
[TRAIN] ep=96800 eps=0.050 return=10.000 foul=False buf=200000
[TRAIN] ep=97000 eps=0.050 return=-40.000 foul=True buf=200000
[TRAIN] ep=97200 eps=0.050 return=-40.000 foul=True buf=200000
[TRAIN] ep=97400 eps=0.050 return=16.000 foul=False buf=200000
[TRAIN] ep=97600 eps=0.050 return=12.000 foul=False buf=200000
[TRAIN] ep=97800 eps=0.050 return=16.000 foul=False buf=200000
[TRAIN] ep=98000 eps=0.050 return=13.000 foul=False buf=200000
[TRAIN] ep=98200 eps=0.050 return=2.000 foul=False buf=200000
[TRAIN] ep=98400 eps=0.050 return=11.000 foul=False buf=200000
[TRAIN] ep=98600 eps=0.050 return=11.000 foul=False buf=200000
[TRAIN] ep=98800 eps=0.050 return=5.500 foul=False buf=200000
[TRAIN] ep=99000 eps=0.050 return=16.000 foul=False buf=200000
[TRAIN] ep=99200 eps=0.050 return=11.000 foul=False buf=200000
[TRAIN] ep=99400 eps=0.050 return=2.000 foul=False buf=200000
[TRAIN] ep=99600 eps=0.050 return=-40.000 foul=True buf=200000
[TRAIN] ep=99800 eps=0.050 return=8.000 foul=False buf=200000
[TRAIN] ep=100000 eps=0.050 return=4.000 foul=False buf=200000
[SAVE] ./ckpt/ult_3p_s11_j1_v1.pt
[TRAIN] ep=100200 eps=0.050 return=-40.000 foul=True buf=200000
[TRAIN] ep=100400 eps=0.050 return=-40.000 foul=True buf=200000
[TRAIN] ep=100600 eps=0.050 return=6.000 foul=False buf=200000
[TRAIN] ep=100800 eps=0.050 return=11.000 foul=False buf=200000
[TRAIN] ep=101000 eps=0.050 return=7.000 foul=False buf=200000
[TRAIN] ep=101200 eps=0.050 return=16.000 foul=False buf=200000
[TRAIN] ep=101400 eps=0.050 return=14.500 foul=False buf=200000
[TRAIN] ep=101600 eps=0.050 return=-40.000 foul=True buf=200000
[TRAIN] ep=101800 eps=0.050 return=9.000 foul=False buf=200000
[TRAIN] ep=102000 eps=0.050 return=6.000 foul=False buf=200000
[TRAIN] ep=102200 eps=0.050 return=7.500 foul=False buf=200000
[TRAIN] ep=102400 eps=0.050 return=11.000 foul=False buf=200000
[TRAIN] ep=102600 eps=0.050 return=11.000 foul=False buf=200000
[TRAIN] ep=102800 eps=0.050 return=14.000 foul=False buf=200000
[TRAIN] ep=103000 eps=0.050 return=5.500 foul=False buf=200000
[TRAIN] ep=103200 eps=0.050 return=-40.000 foul=True buf=200000
[TRAIN] ep=103400 eps=0.050 return=7.000 foul=False buf=200000
[TRAIN] ep=103600 eps=0.050 return=16.000 foul=False buf=200000
[TRAIN] ep=103800 eps=0.050 return=2.500 foul=False buf=200000
[TRAIN] ep=104000 eps=0.050 return=11.000 foul=False buf=200000
[TRAIN] ep=104200 eps=0.050 return=-40.000 foul=True buf=200000
[TRAIN] ep=104400 eps=0.050 return=9.000 foul=False buf=200000
[TRAIN] ep=104600 eps=0.050 return=6.500 foul=False buf=200000
[TRAIN] ep=104800 eps=0.050 return=-40.000 foul=True buf=200000
[TRAIN] ep=105000 eps=0.050 return=11.000 foul=False buf=200000
[SAVE] ./ckpt/ult_3p_s11_j1_v1.pt
[TRAIN] ep=105200 eps=0.050 return=-40.000 foul=True buf=200000
[TRAIN] ep=105400 eps=0.050 return=16.000 foul=False buf=200000
[TRAIN] ep=105600 eps=0.050 return=3.500 foul=False buf=200000
[TRAIN] ep=105800 eps=0.050 return=16.000 foul=False buf=200000
[TRAIN] ep=106000 eps=0.050 return=13.000 foul=False buf=200000
[TRAIN] ep=106200 eps=0.050 return=11.000 foul=False buf=200000
[TRAIN] ep=106400 eps=0.050 return=-40.000 foul=True buf=200000
[TRAIN] ep=106600 eps=0.050 return=16.000 foul=False buf=200000
[TRAIN] ep=106800 eps=0.050 return=11.000 foul=False buf=200000
[TRAIN] ep=107000 eps=0.050 return=15.000 foul=False buf=200000
[TRAIN] ep=107200 eps=0.050 return=-0.500 foul=False buf=200000
[TRAIN] ep=107400 eps=0.050 return=6.000 foul=False buf=200000
[TRAIN] ep=107600 eps=0.050 return=2.000 foul=False buf=200000
[TRAIN] ep=107800 eps=0.050 return=-40.000 foul=True buf=200000
[TRAIN] ep=108000 eps=0.050 return=11.000 foul=False buf=200000
[TRAIN] ep=108200 eps=0.050 return=7.000 foul=False buf=200000
[TRAIN] ep=108400 eps=0.050 return=9.000 foul=False buf=200000
[TRAIN] ep=108600 eps=0.050 return=6.000 foul=False buf=200000
[TRAIN] ep=108800 eps=0.050 return=7.000 foul=False buf=200000
[TRAIN] ep=109000 eps=0.050 return=-2.500 foul=False buf=200000
[TRAIN] ep=109200 eps=0.050 return=-40.000 foul=True buf=200000
[TRAIN] ep=109400 eps=0.050 return=11.000 foul=False buf=200000
[TRAIN] ep=109600 eps=0.050 return=13.000 foul=False buf=200000
[TRAIN] ep=109800 eps=0.050 return=11.000 foul=False buf=200000
[TRAIN] ep=110000 eps=0.050 return=5.000 foul=False buf=200000
[SAVE] ./ckpt/ult_3p_s11_j1_v1.pt
[TRAIN] ep=110200 eps=0.050 return=4.000 foul=False buf=200000
[TRAIN] ep=110400 eps=0.050 return=-40.000 foul=True buf=200000
[TRAIN] ep=110600 eps=0.050 return=7.000 foul=False buf=200000
[TRAIN] ep=110800 eps=0.050 return=5.500 foul=False buf=200000
[TRAIN] ep=111000 eps=0.050 return=11.000 foul=False buf=200000
[TRAIN] ep=111200 eps=0.050 return=9.000 foul=False buf=200000
[TRAIN] ep=111400 eps=0.050 return=13.000 foul=False buf=200000
[TRAIN] ep=111600 eps=0.050 return=-2.000 foul=False buf=200000
[TRAIN] ep=111800 eps=0.050 return=1.500 foul=False buf=200000
[TRAIN] ep=112000 eps=0.050 return=4.500 foul=False buf=200000
[TRAIN] ep=112200 eps=0.050 return=9.000 foul=False buf=200000
[TRAIN] ep=112400 eps=0.050 return=16.000 foul=False buf=200000
[TRAIN] ep=112600 eps=0.050 return=-40.000 foul=True buf=200000
[TRAIN] ep=112800 eps=0.050 return=-40.000 foul=True buf=200000
[TRAIN] ep=113000 eps=0.050 return=16.000 foul=False buf=200000
[TRAIN] ep=113200 eps=0.050 return=9.000 foul=False buf=200000
[TRAIN] ep=113400 eps=0.050 return=13.000 foul=False buf=200000
[TRAIN] ep=113600 eps=0.050 return=9.000 foul=False buf=200000
[TRAIN] ep=113800 eps=0.050 return=9.000 foul=False buf=200000
[TRAIN] ep=114000 eps=0.050 return=-40.000 foul=True buf=200000
[TRAIN] ep=114200 eps=0.050 return=-2.000 foul=False buf=200000
[TRAIN] ep=114400 eps=0.050 return=5.500 foul=False buf=200000
[TRAIN] ep=114600 eps=0.050 return=13.000 foul=False buf=200000
[TRAIN] ep=114800 eps=0.050 return=16.000 foul=False buf=200000
[TRAIN] ep=115000 eps=0.050 return=11.000 foul=False buf=200000
[SAVE] ./ckpt/ult_3p_s11_j1_v1.pt
[TRAIN] ep=115200 eps=0.050 return=6.000 foul=False buf=200000
[TRAIN] ep=115400 eps=0.050 return=11.500 foul=False buf=200000
[TRAIN] ep=115600 eps=0.050 return=6.000 foul=False buf=200000
[TRAIN] ep=115800 eps=0.050 return=9.000 foul=False buf=200000
[TRAIN] ep=116000 eps=0.050 return=-40.000 foul=True buf=200000
[TRAIN] ep=116200 eps=0.050 return=16.000 foul=False buf=200000
[TRAIN] ep=116400 eps=0.050 return=6.000 foul=False buf=200000
[TRAIN] ep=116600 eps=0.050 return=13.000 foul=False buf=200000
[TRAIN] ep=116800 eps=0.050 return=13.000 foul=False buf=200000
[TRAIN] ep=117000 eps=0.050 return=-40.000 foul=True buf=200000
[TRAIN] ep=117200 eps=0.050 return=9.000 foul=False buf=200000
[TRAIN] ep=117400 eps=0.050 return=-40.000 foul=True buf=200000
[TRAIN] ep=117600 eps=0.050 return=-40.000 foul=True buf=200000
[TRAIN] ep=117800 eps=0.050 return=11.000 foul=False buf=200000
[TRAIN] ep=118000 eps=0.050 return=-40.000 foul=True buf=200000
[TRAIN] ep=118200 eps=0.050 return=10.000 foul=False buf=200000
[TRAIN] ep=118400 eps=0.050 return=16.000 foul=False buf=200000
[TRAIN] ep=118600 eps=0.050 return=16.000 foul=False buf=200000
[TRAIN] ep=118800 eps=0.050 return=-40.000 foul=True buf=200000
[TRAIN] ep=119000 eps=0.050 return=16.000 foul=False buf=200000
[TRAIN] ep=119200 eps=0.050 return=16.000 foul=False buf=200000
[TRAIN] ep=119400 eps=0.050 return=16.000 foul=False buf=200000
[TRAIN] ep=119600 eps=0.050 return=-40.000 foul=True buf=200000
[TRAIN] ep=119800 eps=0.050 return=16.000 foul=False buf=200000
[TRAIN] ep=120000 eps=0.050 return=14.000 foul=False buf=200000
[SAVE] ./ckpt/ult_3p_s11_j1_v1.pt
[TRAIN] ep=120200 eps=0.050 return=16.000 foul=False buf=200000
[TRAIN] ep=120400 eps=0.050 return=8.000 foul=False buf=200000
[TRAIN] ep=120600 eps=0.050 return=11.000 foul=False buf=200000
[TRAIN] ep=120800 eps=0.050 return=11.000 foul=False buf=200000
[TRAIN] ep=121000 eps=0.050 return=8.000 foul=False buf=200000
[TRAIN] ep=121200 eps=0.050 return=-40.000 foul=True buf=200000
[TRAIN] ep=121400 eps=0.050 return=-40.000 foul=True buf=200000
[TRAIN] ep=121600 eps=0.050 return=11.000 foul=False buf=200000
[TRAIN] ep=121800 eps=0.050 return=11.000 foul=False buf=200000
[TRAIN] ep=122000 eps=0.050 return=16.000 foul=False buf=200000
[TRAIN] ep=122200 eps=0.050 return=-40.000 foul=True buf=200000
[TRAIN] ep=122400 eps=0.050 return=6.500 foul=False buf=200000
[TRAIN] ep=122600 eps=0.050 return=8.000 foul=False buf=200000
[TRAIN] ep=122800 eps=0.050 return=10.500 foul=False buf=200000
[TRAIN] ep=123000 eps=0.050 return=11.000 foul=False buf=200000
[TRAIN] ep=123200 eps=0.050 return=11.000 foul=False buf=200000
[TRAIN] ep=123400 eps=0.050 return=4.000 foul=False buf=200000
[TRAIN] ep=123600 eps=0.050 return=-40.000 foul=True buf=200000
[TRAIN] ep=123800 eps=0.050 return=-40.000 foul=True buf=200000
[TRAIN] ep=124000 eps=0.050 return=11.000 foul=False buf=200000
[TRAIN] ep=124200 eps=0.050 return=0.000 foul=False buf=200000
[TRAIN] ep=124400 eps=0.050 return=-40.000 foul=True buf=200000
[TRAIN] ep=124600 eps=0.050 return=-40.000 foul=True buf=200000
[TRAIN] ep=124800 eps=0.050 return=13.000 foul=False buf=200000
[TRAIN] ep=125000 eps=0.050 return=9.000 foul=False buf=200000
[SAVE] ./ckpt/ult_3p_s11_j1_v1.pt
[TRAIN] ep=125200 eps=0.050 return=-40.000 foul=True buf=200000
[TRAIN] ep=125400 eps=0.050 return=13.500 foul=False buf=200000
[TRAIN] ep=125600 eps=0.050 return=9.000 foul=False buf=200000
[TRAIN] ep=125800 eps=0.050 return=13.000 foul=False buf=200000
[TRAIN] ep=126000 eps=0.050 return=4.500 foul=False buf=200000
[TRAIN] ep=126200 eps=0.050 return=9.000 foul=False buf=200000
[TRAIN] ep=126400 eps=0.050 return=-40.000 foul=True buf=200000
[TRAIN] ep=126600 eps=0.050 return=16.000 foul=False buf=200000
[TRAIN] ep=126800 eps=0.050 return=13.000 foul=False buf=200000
[TRAIN] ep=127000 eps=0.050 return=9.000 foul=False buf=200000
[TRAIN] ep=127200 eps=0.050 return=11.000 foul=False buf=200000
[TRAIN] ep=127400 eps=0.050 return=7.000 foul=False buf=200000
[TRAIN] ep=127600 eps=0.050 return=-40.000 foul=True buf=200000
[TRAIN] ep=127800 eps=0.050 return=16.000 foul=False buf=200000
[TRAIN] ep=128000 eps=0.050 return=0.000 foul=False buf=200000
[TRAIN] ep=128200 eps=0.050 return=-40.000 foul=True buf=200000
[TRAIN] ep=128400 eps=0.050 return=-3.500 foul=False buf=200000
[TRAIN] ep=128600 eps=0.050 return=-40.000 foul=True buf=200000
[TRAIN] ep=128800 eps=0.050 return=11.000 foul=False buf=200000
[TRAIN] ep=129000 eps=0.050 return=6.000 foul=False buf=200000
[TRAIN] ep=129200 eps=0.050 return=-40.000 foul=True buf=200000
[TRAIN] ep=129400 eps=0.050 return=16.000 foul=False buf=200000
[TRAIN] ep=129600 eps=0.050 return=-40.000 foul=True buf=200000
[TRAIN] ep=129800 eps=0.050 return=16.000 foul=False buf=200000
[TRAIN] ep=130000 eps=0.050 return=11.000 foul=False buf=200000
[SAVE] ./ckpt/ult_3p_s11_j1_v1.pt
[TRAIN] ep=130200 eps=0.050 return=11.000 foul=False buf=200000
[TRAIN] ep=130400 eps=0.050 return=16.000 foul=False buf=200000
[TRAIN] ep=130600 eps=0.050 return=11.000 foul=False buf=200000
[TRAIN] ep=130800 eps=0.050 return=-3.500 foul=False buf=200000
[TRAIN] ep=131000 eps=0.050 return=5.000 foul=False buf=200000
[TRAIN] ep=131200 eps=0.050 return=-40.000 foul=True buf=200000
[TRAIN] ep=131400 eps=0.050 return=9.000 foul=False buf=200000
[TRAIN] ep=131600 eps=0.050 return=8.000 foul=False buf=200000
[TRAIN] ep=131800 eps=0.050 return=-40.000 foul=True buf=200000
[TRAIN] ep=132000 eps=0.050 return=-40.000 foul=True buf=200000
[TRAIN] ep=132200 eps=0.050 return=-40.000 foul=True buf=200000
[TRAIN] ep=132400 eps=0.050 return=2.000 foul=False buf=200000
[TRAIN] ep=132600 eps=0.050 return=11.000 foul=False buf=200000
[TRAIN] ep=132800 eps=0.050 return=-40.000 foul=True buf=200000
[TRAIN] ep=133000 eps=0.050 return=-40.000 foul=True buf=200000
[TRAIN] ep=133200 eps=0.050 return=13.000 foul=False buf=200000
[TRAIN] ep=133400 eps=0.050 return=7.000 foul=False buf=200000
[TRAIN] ep=133600 eps=0.050 return=4.000 foul=False buf=200000
[TRAIN] ep=133800 eps=0.050 return=-40.000 foul=True buf=200000
[TRAIN] ep=134000 eps=0.050 return=16.000 foul=False buf=200000
[TRAIN] ep=134200 eps=0.050 return=9.000 foul=False buf=200000
[TRAIN] ep=134400 eps=0.050 return=11.000 foul=False buf=200000
[TRAIN] ep=134600 eps=0.050 return=3.000 foul=False buf=200000
[TRAIN] ep=134800 eps=0.050 return=16.000 foul=False buf=200000
[TRAIN] ep=135000 eps=0.050 return=11.000 foul=False buf=200000
[SAVE] ./ckpt/ult_3p_s11_j1_v1.pt
[TRAIN] ep=135200 eps=0.050 return=-40.000 foul=True buf=200000
[TRAIN] ep=135400 eps=0.050 return=-40.000 foul=True buf=200000
[TRAIN] ep=135600 eps=0.050 return=-40.000 foul=True buf=200000
[TRAIN] ep=135800 eps=0.050 return=16.000 foul=False buf=200000
[TRAIN] ep=136000 eps=0.050 return=11.000 foul=False buf=200000
[TRAIN] ep=136200 eps=0.050 return=-40.000 foul=True buf=200000
[TRAIN] ep=136400 eps=0.050 return=16.000 foul=False buf=200000
[TRAIN] ep=136600 eps=0.050 return=6.000 foul=False buf=200000
[TRAIN] ep=136800 eps=0.050 return=0.000 foul=False buf=200000
[TRAIN] ep=137000 eps=0.050 return=3.000 foul=False buf=200000
[TRAIN] ep=137200 eps=0.050 return=5.500 foul=False buf=200000
[TRAIN] ep=137400 eps=0.050 return=-40.000 foul=True buf=200000
[TRAIN] ep=137600 eps=0.050 return=11.000 foul=False buf=200000
[TRAIN] ep=137800 eps=0.050 return=11.000 foul=False buf=200000
[TRAIN] ep=138000 eps=0.050 return=-40.000 foul=True buf=200000
[TRAIN] ep=138200 eps=0.050 return=16.000 foul=False buf=200000
[TRAIN] ep=138400 eps=0.050 return=0.000 foul=False buf=200000
[TRAIN] ep=138600 eps=0.050 return=11.500 foul=False buf=200000
[TRAIN] ep=138800 eps=0.050 return=9.000 foul=False buf=200000
[TRAIN] ep=139000 eps=0.050 return=-40.000 foul=True buf=200000
[TRAIN] ep=139200 eps=0.050 return=14.000 foul=False buf=200000
[TRAIN] ep=139400 eps=0.050 return=8.000 foul=False buf=200000
[TRAIN] ep=139600 eps=0.050 return=12.000 foul=False buf=200000
[TRAIN] ep=139800 eps=0.050 return=13.000 foul=False buf=200000
[TRAIN] ep=140000 eps=0.050 return=8.000 foul=False buf=200000
[SAVE] ./ckpt/ult_3p_s11_j1_v1.pt
[TRAIN] ep=140200 eps=0.050 return=-40.000 foul=True buf=200000
[TRAIN] ep=140400 eps=0.050 return=13.000 foul=False buf=200000
[TRAIN] ep=140600 eps=0.050 return=12.000 foul=False buf=200000
[TRAIN] ep=140800 eps=0.050 return=7.000 foul=False buf=200000
[TRAIN] ep=141000 eps=0.050 return=-40.000 foul=True buf=200000
[TRAIN] ep=141200 eps=0.050 return=6.000 foul=False buf=200000
[TRAIN] ep=141400 eps=0.050 return=13.000 foul=False buf=200000
[TRAIN] ep=141600 eps=0.050 return=-2.000 foul=False buf=200000
[TRAIN] ep=141800 eps=0.050 return=8.500 foul=False buf=200000
[TRAIN] ep=142000 eps=0.050 return=10.500 foul=False buf=200000
[TRAIN] ep=142200 eps=0.050 return=13.000 foul=False buf=200000
[TRAIN] ep=142400 eps=0.050 return=16.000 foul=False buf=200000
[TRAIN] ep=142600 eps=0.050 return=12.000 foul=False buf=200000
[TRAIN] ep=142800 eps=0.050 return=-3.000 foul=False buf=200000
[TRAIN] ep=143000 eps=0.050 return=7.000 foul=False buf=200000
[TRAIN] ep=143200 eps=0.050 return=-40.000 foul=True buf=200000
[TRAIN] ep=143400 eps=0.050 return=11.000 foul=False buf=200000
[TRAIN] ep=143600 eps=0.050 return=7.000 foul=False buf=200000
[TRAIN] ep=143800 eps=0.050 return=8.000 foul=False buf=200000
[TRAIN] ep=144000 eps=0.050 return=11.000 foul=False buf=200000
[TRAIN] ep=144200 eps=0.050 return=16.000 foul=False buf=200000
[TRAIN] ep=144400 eps=0.050 return=8.000 foul=False buf=200000
[TRAIN] ep=144600 eps=0.050 return=9.000 foul=False buf=200000
[TRAIN] ep=144800 eps=0.050 return=13.000 foul=False buf=200000
[TRAIN] ep=145000 eps=0.050 return=-40.000 foul=True buf=200000
[SAVE] ./ckpt/ult_3p_s11_j1_v1.pt
[TRAIN] ep=145200 eps=0.050 return=-40.000 foul=True buf=200000
[TRAIN] ep=145400 eps=0.050 return=16.000 foul=False buf=200000
[TRAIN] ep=145600 eps=0.050 return=4.000 foul=False buf=200000
[TRAIN] ep=145800 eps=0.050 return=4.000 foul=False buf=200000
[TRAIN] ep=146000 eps=0.050 return=16.000 foul=False buf=200000
[TRAIN] ep=146200 eps=0.050 return=7.000 foul=False buf=200000
[TRAIN] ep=146400 eps=0.050 return=-40.000 foul=True buf=200000
[TRAIN] ep=146600 eps=0.050 return=9.000 foul=False buf=200000
[TRAIN] ep=146800 eps=0.050 return=16.000 foul=False buf=200000
[TRAIN] ep=147000 eps=0.050 return=6.500 foul=False buf=200000
[TRAIN] ep=147200 eps=0.050 return=16.000 foul=False buf=200000
[TRAIN] ep=147400 eps=0.050 return=16.000 foul=False buf=200000
[TRAIN] ep=147600 eps=0.050 return=9.000 foul=False buf=200000
[TRAIN] ep=147800 eps=0.050 return=16.000 foul=False buf=200000
[TRAIN] ep=148000 eps=0.050 return=13.000 foul=False buf=200000
[TRAIN] ep=148200 eps=0.050 return=9.000 foul=False buf=200000
[TRAIN] ep=148400 eps=0.050 return=-40.000 foul=True buf=200000
[TRAIN] ep=148600 eps=0.050 return=-40.000 foul=True buf=200000
[TRAIN] ep=148800 eps=0.050 return=16.000 foul=False buf=200000
[TRAIN] ep=149000 eps=0.050 return=-40.000 foul=True buf=200000
[TRAIN] ep=149200 eps=0.050 return=9.000 foul=False buf=200000
[TRAIN] ep=149400 eps=0.050 return=2.000 foul=False buf=200000
[TRAIN] ep=149600 eps=0.050 return=16.000 foul=False buf=200000
[TRAIN] ep=149800 eps=0.050 return=11.000 foul=False buf=200000
[TRAIN] ep=150000 eps=0.050 return=9.000 foul=False buf=200000
[SAVE] ./ckpt/ult_3p_s11_j1_v1.pt
[TRAIN] ep=150200 eps=0.050 return=16.000 foul=False buf=200000
[TRAIN] ep=150400 eps=0.050 return=-40.000 foul=True buf=200000
[TRAIN] ep=150600 eps=0.050 return=-40.000 foul=True buf=200000
[TRAIN] ep=150800 eps=0.050 return=8.000 foul=False buf=200000
[TRAIN] ep=151000 eps=0.050 return=8.000 foul=False buf=200000
[TRAIN] ep=151200 eps=0.050 return=-40.000 foul=True buf=200000
[TRAIN] ep=151400 eps=0.050 return=6.000 foul=False buf=200000
[TRAIN] ep=151600 eps=0.050 return=9.000 foul=False buf=200000
[TRAIN] ep=151800 eps=0.050 return=16.000 foul=False buf=200000
[TRAIN] ep=152000 eps=0.050 return=4.000 foul=False buf=200000
[TRAIN] ep=152200 eps=0.050 return=-40.000 foul=True buf=200000
[TRAIN] ep=152400 eps=0.050 return=-40.000 foul=True buf=200000
[TRAIN] ep=152600 eps=0.050 return=6.000 foul=False buf=200000
[TRAIN] ep=152800 eps=0.050 return=9.000 foul=False buf=200000
[TRAIN] ep=153000 eps=0.050 return=9.000 foul=False buf=200000
[TRAIN] ep=153200 eps=0.050 return=11.000 foul=False buf=200000
[TRAIN] ep=153400 eps=0.050 return=-40.000 foul=True buf=200000
[TRAIN] ep=153600 eps=0.050 return=6.000 foul=False buf=200000
[TRAIN] ep=153800 eps=0.050 return=-40.000 foul=True buf=200000
[TRAIN] ep=154000 eps=0.050 return=9.000 foul=False buf=200000
[TRAIN] ep=154200 eps=0.050 return=16.000 foul=False buf=200000
[TRAIN] ep=154400 eps=0.050 return=2.000 foul=False buf=200000
[TRAIN] ep=154600 eps=0.050 return=7.000 foul=False buf=200000
[TRAIN] ep=154800 eps=0.050 return=16.000 foul=False buf=200000
[TRAIN] ep=155000 eps=0.050 return=16.000 foul=False buf=200000
[SAVE] ./ckpt/ult_3p_s11_j1_v1.pt
[TRAIN] ep=155200 eps=0.050 return=-40.000 foul=True buf=200000
[TRAIN] ep=155400 eps=0.050 return=16.000 foul=False buf=200000
[TRAIN] ep=155600 eps=0.050 return=16.000 foul=False buf=200000
[TRAIN] ep=155800 eps=0.050 return=16.000 foul=False buf=200000
[TRAIN] ep=156000 eps=0.050 return=6.000 foul=False buf=200000
[TRAIN] ep=156200 eps=0.050 return=11.000 foul=False buf=200000
[TRAIN] ep=156400 eps=0.050 return=11.000 foul=False buf=200000
[TRAIN] ep=156600 eps=0.050 return=16.000 foul=False buf=200000
[TRAIN] ep=156800 eps=0.050 return=9.000 foul=False buf=200000
[TRAIN] ep=157000 eps=0.050 return=16.500 foul=False buf=200000
[TRAIN] ep=157200 eps=0.050 return=7.000 foul=False buf=200000
[TRAIN] ep=157400 eps=0.050 return=17.000 foul=False buf=200000
[TRAIN] ep=157600 eps=0.050 return=-40.000 foul=True buf=200000
[TRAIN] ep=157800 eps=0.050 return=16.000 foul=False buf=200000
[TRAIN] ep=158000 eps=0.050 return=-40.000 foul=True buf=200000
[TRAIN] ep=158200 eps=0.050 return=-40.000 foul=True buf=200000
[TRAIN] ep=158400 eps=0.050 return=9.000 foul=False buf=200000
[TRAIN] ep=158600 eps=0.050 return=2.000 foul=False buf=200000
[TRAIN] ep=158800 eps=0.050 return=7.000 foul=False buf=200000
[TRAIN] ep=159000 eps=0.050 return=-40.000 foul=True buf=200000
[TRAIN] ep=159200 eps=0.050 return=-40.000 foul=True buf=200000
[TRAIN] ep=159400 eps=0.050 return=11.000 foul=False buf=200000
[TRAIN] ep=159600 eps=0.050 return=-40.000 foul=True buf=200000
[TRAIN] ep=159800 eps=0.050 return=16.000 foul=False buf=200000
[TRAIN] ep=160000 eps=0.050 return=8.500 foul=False buf=200000
[SAVE] ./ckpt/ult_3p_s11_j1_v1.pt
[TRAIN] ep=160200 eps=0.050 return=9.000 foul=False buf=200000
[TRAIN] ep=160400 eps=0.050 return=-40.000 foul=True buf=200000
[TRAIN] ep=160600 eps=0.050 return=9.000 foul=False buf=200000
[TRAIN] ep=160800 eps=0.050 return=16.000 foul=False buf=200000
[TRAIN] ep=161000 eps=0.050 return=7.000 foul=False buf=200000
[TRAIN] ep=161200 eps=0.050 return=-40.000 foul=True buf=200000
[TRAIN] ep=161400 eps=0.050 return=16.000 foul=False buf=200000
[TRAIN] ep=161600 eps=0.050 return=-40.000 foul=True buf=200000
[TRAIN] ep=161800 eps=0.050 return=16.000 foul=False buf=200000
[TRAIN] ep=162000 eps=0.050 return=-40.000 foul=True buf=200000
[TRAIN] ep=162200 eps=0.050 return=16.000 foul=False buf=200000
[TRAIN] ep=162400 eps=0.050 return=10.000 foul=False buf=200000
[TRAIN] ep=162600 eps=0.050 return=13.500 foul=False buf=200000
[TRAIN] ep=162800 eps=0.050 return=2.000 foul=False buf=200000
[TRAIN] ep=163000 eps=0.050 return=11.000 foul=False buf=200000
[TRAIN] ep=163200 eps=0.050 return=9.000 foul=False buf=200000
[TRAIN] ep=163400 eps=0.050 return=16.000 foul=False buf=200000
[TRAIN] ep=163600 eps=0.050 return=-40.000 foul=True buf=200000
[TRAIN] ep=163800 eps=0.050 return=16.000 foul=False buf=200000
[TRAIN] ep=164000 eps=0.050 return=-1.000 foul=False buf=200000
[TRAIN] ep=164200 eps=0.050 return=2.000 foul=False buf=200000
[TRAIN] ep=164400 eps=0.050 return=13.000 foul=False buf=200000
[TRAIN] ep=164600 eps=0.050 return=11.000 foul=False buf=200000
[TRAIN] ep=164800 eps=0.050 return=0.500 foul=False buf=200000
[TRAIN] ep=165000 eps=0.050 return=13.000 foul=False buf=200000
[SAVE] ./ckpt/ult_3p_s11_j1_v1.pt
[TRAIN] ep=165200 eps=0.050 return=20.000 foul=False buf=200000
[TRAIN] ep=165400 eps=0.050 return=13.000 foul=False buf=200000
[TRAIN] ep=165600 eps=0.050 return=13.000 foul=False buf=200000
[TRAIN] ep=165800 eps=0.050 return=16.000 foul=False buf=200000
[TRAIN] ep=166000 eps=0.050 return=5.500 foul=False buf=200000
[TRAIN] ep=166200 eps=0.050 return=13.000 foul=False buf=200000
[TRAIN] ep=166400 eps=0.050 return=11.500 foul=False buf=200000
[TRAIN] ep=166600 eps=0.050 return=14.000 foul=False buf=200000
[TRAIN] ep=166800 eps=0.050 return=9.000 foul=False buf=200000
[TRAIN] ep=167000 eps=0.050 return=13.000 foul=False buf=200000
[TRAIN] ep=167200 eps=0.050 return=16.000 foul=False buf=200000
[TRAIN] ep=167400 eps=0.050 return=-40.000 foul=True buf=200000
[TRAIN] ep=167600 eps=0.050 return=15.000 foul=False buf=200000
[TRAIN] ep=167800 eps=0.050 return=-1.000 foul=False buf=200000
[TRAIN] ep=168000 eps=0.050 return=7.000 foul=False buf=200000
[TRAIN] ep=168200 eps=0.050 return=7.000 foul=False buf=200000
[TRAIN] ep=168400 eps=0.050 return=16.000 foul=False buf=200000
[TRAIN] ep=168600 eps=0.050 return=11.000 foul=False buf=200000
[TRAIN] ep=168800 eps=0.050 return=-40.000 foul=True buf=200000
[TRAIN] ep=169000 eps=0.050 return=7.500 foul=False buf=200000
[TRAIN] ep=169200 eps=0.050 return=11.000 foul=False buf=200000
[TRAIN] ep=169400 eps=0.050 return=9.500 foul=False buf=200000
[TRAIN] ep=169600 eps=0.050 return=6.000 foul=False buf=200000
[TRAIN] ep=169800 eps=0.050 return=-40.000 foul=True buf=200000
[TRAIN] ep=170000 eps=0.050 return=-40.000 foul=True buf=200000
[SAVE] ./ckpt/ult_3p_s11_j1_v1.pt
[TRAIN] ep=170200 eps=0.050 return=9.000 foul=False buf=200000
[TRAIN] ep=170400 eps=0.050 return=-40.000 foul=True buf=200000
[TRAIN] ep=170600 eps=0.050 return=11.500 foul=False buf=200000
[TRAIN] ep=170800 eps=0.050 return=8.000 foul=False buf=200000
[TRAIN] ep=171000 eps=0.050 return=12.000 foul=False buf=200000
[TRAIN] ep=171200 eps=0.050 return=14.000 foul=False buf=200000
[TRAIN] ep=171400 eps=0.050 return=10.000 foul=False buf=200000
[TRAIN] ep=171600 eps=0.050 return=9.000 foul=False buf=200000
[TRAIN] ep=171800 eps=0.050 return=-40.000 foul=True buf=200000
[TRAIN] ep=172000 eps=0.050 return=7.000 foul=False buf=200000
[TRAIN] ep=172200 eps=0.050 return=4.000 foul=False buf=200000
[TRAIN] ep=172400 eps=0.050 return=-40.000 foul=True buf=200000
[TRAIN] ep=172600 eps=0.050 return=-40.000 foul=True buf=200000
[TRAIN] ep=172800 eps=0.050 return=16.000 foul=False buf=200000
[TRAIN] ep=173000 eps=0.050 return=3.500 foul=False buf=200000
[TRAIN] ep=173200 eps=0.050 return=9.000 foul=False buf=200000
[TRAIN] ep=173400 eps=0.050 return=4.000 foul=False buf=200000
[TRAIN] ep=173600 eps=0.050 return=4.000 foul=False buf=200000
[TRAIN] ep=173800 eps=0.050 return=-40.000 foul=True buf=200000
[TRAIN] ep=174000 eps=0.050 return=16.000 foul=False buf=200000
[TRAIN] ep=174200 eps=0.050 return=-40.000 foul=True buf=200000
[TRAIN] ep=174400 eps=0.050 return=7.000 foul=False buf=200000
[TRAIN] ep=174600 eps=0.050 return=-40.000 foul=True buf=200000
[TRAIN] ep=174800 eps=0.050 return=10.000 foul=False buf=200000
[TRAIN] ep=175000 eps=0.050 return=16.000 foul=False buf=200000
[SAVE] ./ckpt/ult_3p_s11_j1_v1.pt
[TRAIN] ep=175200 eps=0.050 return=16.000 foul=False buf=200000
[TRAIN] ep=175400 eps=0.050 return=-40.000 foul=True buf=200000
[TRAIN] ep=175600 eps=0.050 return=-40.000 foul=True buf=200000
[TRAIN] ep=175800 eps=0.050 return=-40.000 foul=True buf=200000
[TRAIN] ep=176000 eps=0.050 return=16.000 foul=False buf=200000
[TRAIN] ep=176200 eps=0.050 return=16.000 foul=False buf=200000
[TRAIN] ep=176400 eps=0.050 return=-40.000 foul=True buf=200000
[TRAIN] ep=176600 eps=0.050 return=-40.000 foul=True buf=200000
[TRAIN] ep=176800 eps=0.050 return=16.000 foul=False buf=200000
[TRAIN] ep=177000 eps=0.050 return=16.000 foul=False buf=200000
[TRAIN] ep=177200 eps=0.050 return=14.000 foul=False buf=200000
[TRAIN] ep=177400 eps=0.050 return=15.000 foul=False buf=200000
[TRAIN] ep=177600 eps=0.050 return=6.000 foul=False buf=200000
[TRAIN] ep=177800 eps=0.050 return=-40.000 foul=True buf=200000
[TRAIN] ep=178000 eps=0.050 return=16.000 foul=False buf=200000
[TRAIN] ep=178200 eps=0.050 return=15.000 foul=False buf=200000
[TRAIN] ep=178400 eps=0.050 return=-40.000 foul=True buf=200000
[TRAIN] ep=178600 eps=0.050 return=16.000 foul=False buf=200000
[TRAIN] ep=178800 eps=0.050 return=9.000 foul=False buf=200000
[TRAIN] ep=179000 eps=0.050 return=11.000 foul=False buf=200000
[TRAIN] ep=179200 eps=0.050 return=13.000 foul=False buf=200000
[TRAIN] ep=179400 eps=0.050 return=-40.000 foul=True buf=200000
[TRAIN] ep=179600 eps=0.050 return=-40.000 foul=True buf=200000
[TRAIN] ep=179800 eps=0.050 return=-6.000 foul=False buf=200000
[TRAIN] ep=180000 eps=0.050 return=-40.000 foul=True buf=200000
[SAVE] ./ckpt/ult_3p_s11_j1_v1.pt
[TRAIN] ep=180200 eps=0.050 return=6.000 foul=False buf=200000
[TRAIN] ep=180400 eps=0.050 return=12.000 foul=False buf=200000
[TRAIN] ep=180600 eps=0.050 return=4.000 foul=False buf=200000
[TRAIN] ep=180800 eps=0.050 return=16.000 foul=False buf=200000
[TRAIN] ep=181000 eps=0.050 return=6.000 foul=False buf=200000
[TRAIN] ep=181200 eps=0.050 return=9.000 foul=False buf=200000
[TRAIN] ep=181400 eps=0.050 return=7.000 foul=False buf=200000
[TRAIN] ep=181600 eps=0.050 return=8.000 foul=False buf=200000
[TRAIN] ep=181800 eps=0.050 return=7.000 foul=False buf=200000
[TRAIN] ep=182000 eps=0.050 return=-40.000 foul=True buf=200000
[TRAIN] ep=182200 eps=0.050 return=4.000 foul=False buf=200000
[TRAIN] ep=182400 eps=0.050 return=-3.000 foul=False buf=200000
[TRAIN] ep=182600 eps=0.050 return=-40.000 foul=True buf=200000
[TRAIN] ep=182800 eps=0.050 return=3.500 foul=False buf=200000
[TRAIN] ep=183000 eps=0.050 return=-40.000 foul=True buf=200000
[TRAIN] ep=183200 eps=0.050 return=9.000 foul=False buf=200000
[TRAIN] ep=183400 eps=0.050 return=-40.000 foul=True buf=200000
[TRAIN] ep=183600 eps=0.050 return=-40.000 foul=True buf=200000
[TRAIN] ep=183800 eps=0.050 return=-40.000 foul=True buf=200000
[TRAIN] ep=184000 eps=0.050 return=-2.500 foul=False buf=200000
[TRAIN] ep=184200 eps=0.050 return=0.000 foul=False buf=200000
[TRAIN] ep=184400 eps=0.050 return=16.000 foul=False buf=200000
[TRAIN] ep=184600 eps=0.050 return=-40.000 foul=True buf=200000
[TRAIN] ep=184800 eps=0.050 return=11.000 foul=False buf=200000
[TRAIN] ep=185000 eps=0.050 return=11.000 foul=False buf=200000
[SAVE] ./ckpt/ult_3p_s11_j1_v1.pt
[TRAIN] ep=185200 eps=0.050 return=2.000 foul=False buf=200000
[TRAIN] ep=185400 eps=0.050 return=10.000 foul=False buf=200000
[TRAIN] ep=185600 eps=0.050 return=3.500 foul=False buf=200000
[TRAIN] ep=185800 eps=0.050 return=6.500 foul=False buf=200000
[TRAIN] ep=186000 eps=0.050 return=-40.000 foul=True buf=200000
[TRAIN] ep=186200 eps=0.050 return=-2.000 foul=False buf=200000
[TRAIN] ep=186400 eps=0.050 return=11.000 foul=False buf=200000
[TRAIN] ep=186600 eps=0.050 return=0.500 foul=False buf=200000
[TRAIN] ep=186800 eps=0.050 return=12.500 foul=False buf=200000
[TRAIN] ep=187000 eps=0.050 return=12.000 foul=False buf=200000
[TRAIN] ep=187200 eps=0.050 return=-40.000 foul=True buf=200000
[TRAIN] ep=187400 eps=0.050 return=-40.000 foul=True buf=200000
[TRAIN] ep=187600 eps=0.050 return=16.000 foul=False buf=200000
[TRAIN] ep=187800 eps=0.050 return=-40.000 foul=True buf=200000
[TRAIN] ep=188000 eps=0.050 return=1.000 foul=False buf=200000
[TRAIN] ep=188200 eps=0.050 return=11.000 foul=False buf=200000
[TRAIN] ep=188400 eps=0.050 return=9.000 foul=False buf=200000
[TRAIN] ep=188600 eps=0.050 return=16.000 foul=False buf=200000
[TRAIN] ep=188800 eps=0.050 return=11.000 foul=False buf=200000
[TRAIN] ep=189000 eps=0.050 return=2.000 foul=False buf=200000
[TRAIN] ep=189200 eps=0.050 return=16.000 foul=False buf=200000
[TRAIN] ep=189400 eps=0.050 return=13.000 foul=False buf=200000
[TRAIN] ep=189600 eps=0.050 return=2.000 foul=False buf=200000
[TRAIN] ep=189800 eps=0.050 return=-40.000 foul=True buf=200000
[TRAIN] ep=190000 eps=0.050 return=9.000 foul=False buf=200000
[SAVE] ./ckpt/ult_3p_s11_j1_v1.pt
[TRAIN] ep=190200 eps=0.050 return=7.000 foul=False buf=200000
[TRAIN] ep=190400 eps=0.050 return=5.500 foul=False buf=200000
[TRAIN] ep=190600 eps=0.050 return=-40.000 foul=True buf=200000
[TRAIN] ep=190800 eps=0.050 return=16.000 foul=False buf=200000
[TRAIN] ep=191000 eps=0.050 return=11.000 foul=False buf=200000
[TRAIN] ep=191200 eps=0.050 return=11.000 foul=False buf=200000
[TRAIN] ep=191400 eps=0.050 return=-40.000 foul=True buf=200000
[TRAIN] ep=191600 eps=0.050 return=8.000 foul=False buf=200000
[TRAIN] ep=191800 eps=0.050 return=8.000 foul=False buf=200000
[TRAIN] ep=192000 eps=0.050 return=11.000 foul=False buf=200000
[TRAIN] ep=192200 eps=0.050 return=-40.000 foul=True buf=200000
[TRAIN] ep=192400 eps=0.050 return=9.000 foul=False buf=200000
[TRAIN] ep=192600 eps=0.050 return=6.500 foul=False buf=200000
[TRAIN] ep=192800 eps=0.050 return=16.000 foul=False buf=200000
[TRAIN] ep=193000 eps=0.050 return=6.000 foul=False buf=200000
[TRAIN] ep=193200 eps=0.050 return=3.500 foul=False buf=200000
[TRAIN] ep=193400 eps=0.050 return=11.000 foul=False buf=200000
[TRAIN] ep=193600 eps=0.050 return=16.000 foul=False buf=200000
[TRAIN] ep=193800 eps=0.050 return=3.000 foul=False buf=200000
[TRAIN] ep=194000 eps=0.050 return=11.000 foul=False buf=200000
[TRAIN] ep=194200 eps=0.050 return=4.000 foul=False buf=200000
[TRAIN] ep=194400 eps=0.050 return=11.000 foul=False buf=200000
[TRAIN] ep=194600 eps=0.050 return=14.500 foul=False buf=200000
[TRAIN] ep=194800 eps=0.050 return=11.000 foul=False buf=200000
[TRAIN] ep=195000 eps=0.050 return=11.000 foul=False buf=200000
[SAVE] ./ckpt/ult_3p_s11_j1_v1.pt
[TRAIN] ep=195200 eps=0.050 return=13.500 foul=False buf=200000
[TRAIN] ep=195400 eps=0.050 return=-2.000 foul=False buf=200000
[TRAIN] ep=195600 eps=0.050 return=11.000 foul=False buf=200000
[TRAIN] ep=195800 eps=0.050 return=11.000 foul=False buf=200000
[TRAIN] ep=196000 eps=0.050 return=11.000 foul=False buf=200000
[TRAIN] ep=196200 eps=0.050 return=13.000 foul=False buf=200000
[TRAIN] ep=196400 eps=0.050 return=0.000 foul=False buf=200000
[TRAIN] ep=196600 eps=0.050 return=-2.000 foul=False buf=200000
[TRAIN] ep=196800 eps=0.050 return=11.000 foul=False buf=200000
[TRAIN] ep=197000 eps=0.050 return=11.000 foul=False buf=200000
[TRAIN] ep=197200 eps=0.050 return=16.000 foul=False buf=200000
[TRAIN] ep=197400 eps=0.050 return=6.000 foul=False buf=200000
[TRAIN] ep=197600 eps=0.050 return=9.000 foul=False buf=200000
[TRAIN] ep=197800 eps=0.050 return=11.000 foul=False buf=200000
[TRAIN] ep=198000 eps=0.050 return=0.500 foul=False buf=200000
[TRAIN] ep=198200 eps=0.050 return=16.000 foul=False buf=200000
[TRAIN] ep=198400 eps=0.050 return=16.000 foul=False buf=200000
[TRAIN] ep=198600 eps=0.050 return=7.000 foul=False buf=200000
[TRAIN] ep=198800 eps=0.050 return=21.000 foul=False buf=200000
[TRAIN] ep=199000 eps=0.050 return=13.500 foul=False buf=200000
[TRAIN] ep=199200 eps=0.050 return=11.000 foul=False buf=200000
[TRAIN] ep=199400 eps=0.050 return=9.000 foul=False buf=200000
[TRAIN] ep=199600 eps=0.050 return=-40.000 foul=True buf=200000
[TRAIN] ep=199800 eps=0.050 return=7.000 foul=False buf=200000
[TRAIN] ep=200000 eps=0.050 return=6.000 foul=False buf=200000
[SAVE] ./ckpt/ult_3p_s11_j1_v1.pt
[DONE] saved: ./ckpt/ult_3p_s11_j1_v1.pt
